# ทางที่ router เลือก และเหตุผลที่ตัดตัวอื่นออก (P9.1)
# สร้างใหม่ด้วย COAI_GOLDEN_UPDATE=1 swift test --filter GoldenTaskTests

## คำถามสั้น ไม่ใช้ทูล
เลือก: apple-fm
ลำดับที่พิจารณา: apple-fm → mlx-qwen → gx10
  มีคนนั่งรออยู่ — เรียงจาก tier ที่ใกล้และเร็วที่สุดขึ้นไป
  ไม่พิจารณา paid-large — เป็น tier ที่คิดเงิน และงานชิ้นนี้ไม่ได้อนุญาตให้ใช้เงิน

## คำถามสั้น แต่ต้องเรียกทูล
เลือก: mlx-qwen
ลำดับที่พิจารณา: mlx-qwen → gx10
  มีคนนั่งรออยู่ — เรียงจาก tier ที่ใกล้และเร็วที่สุดขึ้นไป
  ไม่พิจารณา apple-fm — รอบนี้ต้องเรียกเครื่องมือ แต่โมเดลนี้เรียกไม่ได้
  ไม่พิจารณา paid-large — เป็น tier ที่คิดเงิน และงานชิ้นนี้ไม่ได้อนุญาตให้ใช้เงิน

## ต้องได้คำตอบตามสคีมา
เลือก: mlx-qwen
ลำดับที่พิจารณา: mlx-qwen → gx10
  มีคนนั่งรออยู่ — เรียงจาก tier ที่ใกล้และเร็วที่สุดขึ้นไป
  ไม่พิจารณา apple-fm — งานนี้ต้องได้คำตอบตามสคีมา แต่โมเดลนี้ไม่รองรับ
  ไม่พิจารณา paid-large — เป็น tier ที่คิดเงิน และงานชิ้นนี้ไม่ได้อนุญาตให้ใช้เงิน

## งานที่ผิดแล้วเสียหาย
เลือก: gx10
ลำดับที่พิจารณา: gx10 → mlx-qwen
  งานที่ผิดแล้วเสียหาย (§9.2) — self-hosted ก่อน แล้วค่อยลงมาที่ local
  ไม่พิจารณา apple-fm — งานนี้ผิดแล้วเสียหาย — on-device เลือกไม่เหมือนเดิมในแต่ละรอบ (E.7)
  ไม่พิจารณา paid-large — เป็น tier ที่คิดเงิน และงานชิ้นนี้ไม่ได้อนุญาตให้ใช้เงิน

## งานที่ผิดแล้วเสียหาย และยอมจ่ายเงินได้
เลือก: gx10
ลำดับที่พิจารณา: gx10 → mlx-qwen → paid-large
  งานที่ผิดแล้วเสียหาย (§9.2) — self-hosted ก่อน แล้วค่อยลงมาที่ local
  ไม่พิจารณา apple-fm — งานนี้ผิดแล้วเสียหาย — on-device เลือกไม่เหมือนเดิมในแต่ละรอบ (E.7)

## พรอมป์ยาวเกินหน้าต่างของ tier เล็ก
เลือก: mlx-qwen
ลำดับที่พิจารณา: mlx-qwen → gx10
  มีคนนั่งรออยู่ — เรียงจาก tier ที่ใกล้และเร็วที่สุดขึ้นไป
  ไม่พิจารณา apple-fm — ต้องใช้ราว 20516 โทเคน เกิน context window 8000 ของโมเดลนี้
  ไม่พิจารณา paid-large — เป็น tier ที่คิดเงิน และงานชิ้นนี้ไม่ได้อนุญาตให้ใช้เงิน
